// Jest Snapshot v1, https://goo.gl/fbAQLP

exports[`<Profile /> should render successfully 1`] = `
<header
  class="fixed z-10 flex h-16 w-full items-center bg-primary/50 border-b border-gray-950/50 backdrop-blur-md transition-all duration-300 ease-out"
>
  <div
    class="flex h-full w-full items-center justify-between bg-primary/50 px-6"
  >
    <a
      class=""
      href="/"
    >
      <img
        alt="Logo"
        data-nimg="1"
        decoding="async"
        height="21"
        loading="lazy"
        src="/assets/images/logo.svg"
        style="color: transparent;"
        width="28"
      />
    </a>
    <nav
      class="items-center justify-between hidden lg:flex"
    >
      <ul
        class="flex gap-3"
      >
        <li
          class="flex gap-2 font-light text-medium relative [&>a]:hover:text-link [&>a]:transition-colors [&>a]:duration-200 [&>svg]:hover:text-link"
        >
          <a
            class="flex justify-center gap-3"
            href="/"
          >
            Home
          </a>
        </li>
        <li
          class="flex gap-2 font-light text-medium relative [&>a]:hover:text-link [&>a]:transition-colors [&>a]:duration-200 [&>svg]:hover:text-link"
        >
          <a
            class="flex justify-center gap-3"
            href="/about"
          >
            About
          </a>
        </li>
        <li
          class="flex gap-2 font-light text-medium relative [&>a]:hover:text-link [&>a]:transition-colors [&>a]:duration-200 [&>svg]:hover:text-link"
        >
          <a
            class="flex justify-center gap-3"
            href="/contact"
          >
            Contact
          </a>
        </li>
      </ul>
    </nav>
    <div
      class="flex z-50 lg:hidden"
    >
      <button
        class="uflex transition-colors duration-300 hover:text-link"
        title="Open menu"
      >
        <svg
          class="lucide lucide-align-justify"
          data-testid="icon-open"
          fill="none"
          height="24"
          stroke="currentColor"
          stroke-linecap="round"
          stroke-linejoin="round"
          stroke-width="2"
          viewBox="0 0 24 24"
          width="24"
          xmlns="http://www.w3.org/2000/svg"
        >
          <path
            d="M3 12h18"
          />
          <path
            d="M3 18h18"
          />
          <path
            d="M3 6h18"
          />
        </svg>
      </button>
    </div>
  </div>
</header>
`;
