// Jest Snapshot v1, https://goo.gl/fbAQLP

exports[`<MainNav /> should render successfully 1`] = `
<nav
  class="items-center justify-between hidden lg:flex"
>
  <ul
    class="flex gap-6 font-medium flex-row"
    direction="horizontal"
  >
    <li
      class="flex gap-2 relative [&>a]:hover:text-link [&>a]:transition-colors [&>a]:duration-200 [&>svg]:hover:text-link"
    >
      <a
        class="flex justify-center gap-3"
        href="/"
      >
        Home
      </a>
    </li>
    <li
      class="flex gap-2 relative [&>a]:hover:text-link [&>a]:transition-colors [&>a]:duration-200 [&>svg]:hover:text-link"
    >
      <a
        class="flex justify-center gap-3"
        href="/about"
      >
        About
      </a>
    </li>
    <li
      class="flex gap-2 relative [&>a]:hover:text-link [&>a]:transition-colors [&>a]:duration-200 [&>svg]:hover:text-link"
    >
      <a
        class="flex justify-center gap-3"
        href="/contact"
      >
        Contact
      </a>
    </li>
  </ul>
</nav>
`;
