// Jest Snapshot v1, https://goo.gl/fbAQLP

exports[`<Pre /> should render successfully 1`] = `
<div
  class="text-md w-full my-6 overflow-x-auto rounded-lg bg-zinc-900"
  data-testid="pre"
>
  <div
    class="flex w-full justify-between rounded-t-lg border-zinc-950 border-b text-zinc-500 px-6 py-3"
  >
    shel
  </div>
  <pre
    class="p-4 overflow-x-auto text-base [&>code]:bg-transparent bg-zinc-800"
  >
    <h1>
      Title
    </h1>
  </pre>
</div>
`;
